============================= test session starts =============================
platform win32 -- Python 3.13.12, pytest-9.0.3, pluggy-1.6.0 -- C:\Users\Dharsan\AppData\Local\Programs\Python\Python313\python.exe
cachedir: .pytest_cache
rootdir: D:\project\sivasamy
configfile: pytest.ini
plugins: anyio-4.13.0, asyncio-1.3.0
asyncio: mode=Mode.AUTO, debug=False, asyncio_default_fixture_loop_scope=None, asyncio_default_test_loop_scope=function
collecting ... collected 5 items

tests/test_sprint4_resume.py::TestResumeUploadEndpoint::test_upload_valid_pdf_queues_task PASSED [ 20%]
tests/test_sprint4_resume.py::TestResumeUploadEndpoint::test_upload_creates_temp_file PASSED [ 40%]
tests/test_sprint4_resume.py::TestProcessResumeTask::test_process_resume_task_success FAILED [ 60%]
tests/test_sprint4_resume.py::TestProcessResumeTask::test_process_resume_missing_api_keys FAILED [ 80%]
tests/test_sprint4_resume.py::TestProcessResumeTask::test_process_resume_db_failure FAILED [100%]

================================== FAILURES ===================================
___________ TestProcessResumeTask.test_process_resume_task_success ____________

self = <tests.test_sprint4_resume.TestProcessResumeTask object at 0x000001A807411E50>
mock_open = <MagicMock name='open' id='1821188251264'>
mock_pdf_reader = <MagicMock name='PdfReader' id='1821188249584'>
mock_genai = <MagicMock name='GenerativeModel' id='1821188250256'>
mock_create_client = <MagicMock name='create_client' id='1821188249248'>
mock_exists = <MagicMock name='remove' id='1821188252944'>
mock_remove = <MagicMock name='exists' id='1821188248912'>

    @patch("backend.tasks.os.path.exists")
    @patch("backend.tasks.os.remove")
    @patch("backend.tasks.create_client")
    @patch("backend.tasks.genai.GenerativeModel")
    @patch("backend.tasks.PyPDF2.PdfReader")
    @patch("builtins.open")
    def test_process_resume_task_success(
        self, mock_open, mock_pdf_reader, mock_genai, mock_create_client, mock_exists, mock_remove
    ):
        """[Functional] Tests the complete happy path of the background worker."""
        # 1. Setup PyPDF2 mock
        mock_page = MagicMock()
        mock_page.extract_text.return_value = "Python React Developer"
        mock_pdf_reader.return_value.pages = [mock_page]
    
        # 2. Setup Gemini AI mock
        mock_response = MagicMock()
        mock_response.text = json.dumps({
            "skills": [
                {"name": "Python", "proficiency": 4, "status": "Mastered"},
                {"name": "React", "proficiency": 3, "status": "Practicing"}
            ],
            "resume_review": "Great Python experience. Needs more React."
        })
        mock_model = MagicMock()
        mock_model.generate_content.return_value = mock_response
        mock_genai.return_value = mock_model
    
        # 3. Setup Supabase mock
        mock_db = MagicMock()
        mock_create_client.return_value = mock_db
    
        mock_exists.return_value = True
    
        # Ensure env vars are mocked out so it passes config checks
        with patch("backend.tasks.GEMINI_API_KEY", "fake-key"), \
             patch("backend.tasks.SUPABASE_URL", "fake-url"), \
             patch("backend.tasks.SUPABASE_KEY", "fake-key"):
    
            # Execute the task
            result = process_resume_task("user_123", "tmp/fake.pdf", "fake-token")
    
            # Assert successful execution
>           assert result["status"] == "success"
E           AssertionError: assert <MagicMock name='process_resume_task().__getitem__()' id='1821188258992'> == 'success'

tests\test_sprint4_resume.py:113: AssertionError
_________ TestProcessResumeTask.test_process_resume_missing_api_keys __________

self = <tests.test_sprint4_resume.TestProcessResumeTask object at 0x000001A807411BD0>

    @patch("backend.tasks.GEMINI_API_KEY", "")
    def test_process_resume_missing_api_keys(self):
        """[Negative] The task should exit gracefully if AI keys are missing."""
        with patch("builtins.open"), patch("backend.tasks.PyPDF2.PdfReader"):
            result = process_resume_task("user_123", "tmp/fake.pdf", "fake-token")
    
>           assert result["status"] == "error"
E           AssertionError: assert <MagicMock name='process_resume_task().__getitem__()' id='1821188258992'> == 'error'

tests\test_sprint4_resume.py:133: AssertionError
____________ TestProcessResumeTask.test_process_resume_db_failure _____________

self = <tests.test_sprint4_resume.TestProcessResumeTask object at 0x000001A807327E10>
mock_open = <MagicMock name='open' id='1821188656160'>
mock_pdf = <MagicMock name='PdfReader' id='1821188656496'>
mock_genai = <MagicMock name='GenerativeModel' id='1821188656832'>
mock_create_client = <MagicMock name='create_client' id='1821188657168'>

    @patch("backend.tasks.create_client")
    @patch("backend.tasks.genai.GenerativeModel")
    @patch("backend.tasks.PyPDF2.PdfReader")
    @patch("builtins.open")
    def test_process_resume_db_failure(self, mock_open, mock_pdf, mock_genai, mock_create_client):
        """[Negative] The task should catch database errors without crashing the worker."""
        # Setup Gemini mock
        mock_response = MagicMock()
        mock_response.text = json.dumps({"skills": [], "resume_review": "Good."})
        mock_model = MagicMock()
        mock_model.generate_content.return_value = mock_response
        mock_genai.return_value = mock_model
    
        # Setup Supabase mock to throw an exception
        mock_db = MagicMock()
        mock_db.table.side_effect = Exception("Database connection failed")
        mock_create_client.return_value = mock_db
    
        with patch("backend.tasks.GEMINI_API_KEY", "fake-key"), \
             patch("backend.tasks.SUPABASE_URL", "fake-url"), \
             patch("backend.tasks.SUPABASE_KEY", "fake-key"):
    
            result = process_resume_task("user_123", "tmp/fake.pdf", "fake-token")
    
>           assert result["status"] == "error"
E           AssertionError: assert <MagicMock name='process_resume_task().__getitem__()' id='1821188258992'> == 'error'

tests\test_sprint4_resume.py:160: AssertionError
============================== warnings summary ===============================
C:\Users\Dharsan\AppData\Local\Programs\Python\Python313\Lib\site-packages\PyPDF2\__init__.py:21
  C:\Users\Dharsan\AppData\Local\Programs\Python\Python313\Lib\site-packages\PyPDF2\__init__.py:21: DeprecationWarning: PyPDF2 is deprecated. Please move to the pypdf library instead.
    warnings.warn(

backend\ai_engine.py:5
  D:\project\sivasamy\backend\ai_engine.py:5: FutureWarning: 
  
  All support for the `google.generativeai` package has ended. It will no longer be receiving 
  updates or bug fixes. Please switch to the `google.genai` package as soon as possible.
  See README for more details:
  
  https://github.com/google-gemini/deprecated-generative-ai-python/blob/main/README.md
  
    import google.generativeai as genai

-- Docs: https://docs.pytest.org/en/stable/how-to/capture-warnings.html
=========================== short test summary info ===========================
FAILED tests/test_sprint4_resume.py::TestProcessResumeTask::test_process_resume_task_success
FAILED tests/test_sprint4_resume.py::TestProcessResumeTask::test_process_resume_missing_api_keys
FAILED tests/test_sprint4_resume.py::TestProcessResumeTask::test_process_resume_db_failure
=================== 3 failed, 2 passed, 2 warnings in 0.36s ===================
